#-----------------------------------------------------------
# Vivado v2022.1 (64-bit)
# SW Build 3526262 on Mon Apr 18 15:48:16 MDT 2022
# IP Build 3524634 on Mon Apr 18 20:55:01 MDT 2022
# Start of session at: Sat May 20 14:19:41 2023
# Process ID: 14396
# Current directory: C:/Users/youssef3453/sequential_8_bit_multipier
# Command line: vivado.exe -gui_launcher_event rodinguilauncherevent6088 C:\Users\youssef3453\sequential_8_bit_multipier\sequential_8_bit_multipier.xpr
# Log file: C:/Users/youssef3453/sequential_8_bit_multipier/vivado.log
# Journal file: C:/Users/youssef3453/sequential_8_bit_multipier\vivado.jou
# Running On: CSE-P07-2165-09, OS: Windows, CPU Frequency: 3696 MHz, CPU Physical cores: 8, Host memory: 34020 MB
#-----------------------------------------------------------
start_gui
open_project C:/Users/youssef3453/sequential_8_bit_multipier/sequential_8_bit_multipier.xpr
update_compile_order -fileset sources_1
launch_simulation
source multiplier_regs_loading_tb.tcl
# Disabling source management mode.  This is to allow the top design properties to be set without GUI intervention.
set_property source_mgmt_mode None [current_project]
set_property top Pushbutton [current_fileset]
# Re-enabling previously disabled source management mode.
set_property source_mgmt_mode All [current_project]
update_compile_order -fileset sources_1
# Disabling source management mode.  This is to allow the top design properties to be set without GUI intervention.
set_property source_mgmt_mode None [current_project]
set_property top Pushbutton_tb [get_filesets sim_1]
set_property top_lib xil_defaultlib [get_filesets sim_1]
# Re-enabling previously disabled source management mode.
set_property source_mgmt_mode All [current_project]
update_compile_order -fileset sim_1
launch_simulation
close_sim
launch_simulation
source Pushbutton_tb.tcl
close_sim
launch_simulation
source Pushbutton_tb.tcl
close_sim
launch_simulation
reset_run synth_1
launch_runs synth_1 -jobs 8
wait_on_run synth_1
launch_simulation
source Pushbutton_tb.tcl
close [ open C:/Users/youssef3453/sequential_8_bit_multipier/sequential_8_bit_multipier.srcs/constrs_1/new/scanner_constraints.xdc w ]
add_files -fileset constrs_1 C:/Users/youssef3453/sequential_8_bit_multipier/sequential_8_bit_multipier.srcs/constrs_1/new/scanner_constraints.xdc
reset_run synth_1
launch_runs synth_1 -jobs 8
wait_on_run synth_1
launch_runs impl_1 -jobs 8
wait_on_run impl_1
launch_runs impl_1 -to_step write_bitstream -jobs 8
wait_on_run impl_1
open_hw_manager
connect_hw_server -allow_non_jtag
open_hw_target
set_property PROGRAM.FILE {C:/Users/youssef3453/sequential_8_bit_multipier/sequential_8_bit_multipier.runs/impl_1/Pushbutton.bit} [get_hw_devices xc7a35t_0]
current_hw_device [get_hw_devices xc7a35t_0]
refresh_hw_device -update_hw_probes false [lindex [get_hw_devices xc7a35t_0] 0]
set_property PROBES.FILE {} [get_hw_devices xc7a35t_0]
set_property FULL_PROBES.FILE {} [get_hw_devices xc7a35t_0]
set_property PROGRAM.FILE {C:/Users/youssef3453/sequential_8_bit_multipier/sequential_8_bit_multipier.runs/impl_1/Pushbutton.bit} [get_hw_devices xc7a35t_0]
program_hw_devices [get_hw_devices xc7a35t_0]
refresh_hw_device [lindex [get_hw_devices xc7a35t_0] 0]
# Disabling source management mode.  This is to allow the top design properties to be set without GUI intervention.
set_property source_mgmt_mode None [current_project]
set_property top Scanner [current_fileset]
# Re-enabling previously disabled source management mode.
set_property source_mgmt_mode All [current_project]
update_compile_order -fileset sources_1
set_property target_constrs_file C:/Users/youssef3453/sequential_8_bit_multipier/sequential_8_bit_multipier.srcs/constrs_1/new/scanner_constraints.xdc [current_fileset -constrset]
reset_run synth_1
# Disabling source management mode.  This is to allow the top design properties to be set without GUI intervention.
set_property source_mgmt_mode None [current_project]
set_property top multiplier [current_fileset]
# Re-enabling previously disabled source management mode.
set_property source_mgmt_mode All [current_project]
update_compile_order -fileset sources_1
# Disabling source management mode.  This is to allow the top design properties to be set without GUI intervention.
set_property source_mgmt_mode None [current_project]
set_property top multiplier_regs_loading_tb [get_filesets sim_1]
set_property top_lib xil_defaultlib [get_filesets sim_1]
# Re-enabling previously disabled source management mode.
set_property source_mgmt_mode All [current_project]
update_compile_order -fileset sim_1
launch_simulation
close_sim
launch_simulation
source multiplier_regs_loading_tb.tcl
close_sim
launch_simulation
source multiplier_regs_loading_tb.tcl
add_bp {C:/Users/youssef3453/sequential_8_bit_multipier/sequential_8_bit_multipier.srcs/sim_1/new/multiplier_regs_loading_tb.v} 24
remove_bps -file {C:/Users/youssef3453/sequential_8_bit_multipier/sequential_8_bit_multipier.srcs/sim_1/new/multiplier_regs_loading_tb.v} -line 24
close_sim
launch_simulation
source multiplier_regs_loading_tb.tcl
close_sim
launch_runs synth_1 -jobs 8
wait_on_run synth_1
launch_runs impl_1 -jobs 8
wait_on_run impl_1
reset_run synth_1
launch_runs synth_1 -jobs 8
wait_on_run synth_1
launch_runs impl_1 -jobs 8
wait_on_run impl_1
reset_run synth_1
launch_runs synth_1 -jobs 8
wait_on_run synth_1
launch_runs impl_1 -jobs 8
wait_on_run impl_1
export_ip_user_files -of_objects  [get_files C:/Users/youssef3453/sequential_8_bit_multipier/sequential_8_bit_multipier.srcs/utils_1/imports/synth_1/Pushbutton.dcp] -no_script -reset -force -quiet
remove_files  -fileset utils_1 C:/Users/youssef3453/sequential_8_bit_multipier/sequential_8_bit_multipier.srcs/utils_1/imports/synth_1/Pushbutton.dcp
# Disabling source management mode.  This is to allow the top design properties to be set without GUI intervention.
set_property source_mgmt_mode None [current_project]
set_property top Scanner [current_fileset]
# Re-enabling previously disabled source management mode.
set_property source_mgmt_mode All [current_project]
update_compile_order -fileset sources_1
reset_run synth_1
launch_runs synth_1 -jobs 8
wait_on_run synth_1
launch_runs impl_1 -jobs 8
wait_on_run impl_1
launch_simulation
source multiplier_regs_loading_tb.tcl
# Disabling source management mode.  This is to allow the top design properties to be set without GUI intervention.
set_property source_mgmt_mode None [current_project]
set_property top multiplier [current_fileset]
# Re-enabling previously disabled source management mode.
set_property source_mgmt_mode All [current_project]
update_compile_order -fileset sources_1
close_sim
launch_simulation
source multiplier_regs_loading_tb.tcl
close_sim
launch_simulation
source multiplier_regs_loading_tb.tcl
# Disabling source management mode.  This is to allow the top design properties to be set without GUI intervention.
set_property source_mgmt_mode None [current_project]
set_property top Scanner [current_fileset]
# Re-enabling previously disabled source management mode.
set_property source_mgmt_mode All [current_project]
update_compile_order -fileset sources_1
reset_run synth_1
launch_runs synth_1 -jobs 8
wait_on_run synth_1
launch_runs impl_1 -jobs 8
wait_on_run impl_1
close_sim
